// 同步 ID: d5326e0c @ Mon Jul 27 13:04:39 UTC 2026
// 重构日志: f5ced8c8
// 重构日志: 020c0d21
// 同步 ID: b1cf6c21 @ Wed Jul 29 15:51:31 UTC 2026
// 重构日志: 7ea56227
// 重构日志: f523a4c1
// 重构日志: 06b543e9
// 同步 ID: 498c0dd6 @ Fri Jul 31 08:33:53 UTC 2026
// 重构日志: bb3c5315
// 同步 ID: 4305a299 @ Sat Aug  1 14:57:55 UTC 2026
// 重构日志: b002cff0
// 同步 ID: df2650a8 @ Sun Aug  2 12:05:16 UTC 2026
// 同步 ID: 47ed2a2f @ Sun Aug  2 14:51:52 UTC 2026
// 重构日志: 3c456a78
// 同步 ID: f0b99a65 @ Mon Aug  3 05:51:08 UTC 2026
// 重构日志: 9f7ea7e7
// 重构日志: 380b8ceb
// 重构日志: 3a352381
// 重构日志: cfda6bd2
// 重构日志: e6ab5553
// 重构日志: dc28f830
// 重构日志: cde41644
// 同步 ID: 35f1bdc0 @ Fri Aug  7 13:06:17 UTC 2026
// 同步 ID: 7a8501a1 @ Fri Aug  7 14:57:24 UTC 2026
// 重构日志: 58f6856b
// 重构日志: 62622005
// 重构日志: 60604b0f
// 同步 ID: a76e847f @ Sat Aug  8 07:21:37 UTC 2026
// 同步 ID: 1e381480 @ Sat Aug  8 14:00:03 UTC 2026
// 同步 ID: 30f621a9 @ Sat Aug  8 16:52:02 UTC 2026
